// Jest Snapshot v1, https://goo.gl/fbAQLP

exports[`WeeklyInsightsChart shows an empty state with no data 1`] = `
<div>
  <div
    class="card"
    style="text-align: center;"
  >
    <p
      class="dim"
    >
      No activity yet. Start a timer to see weekly insights.
    </p>
  </div>
</div>
`;
